# Secrets baseline file for detect-secrets
# This file contains known secrets that should be ignored by the scanner
# DO NOT commit real secrets to this file!

{
  "exclude": {
    "files": [
      ".git/",
      "docs/",
      "examples/",
      "*.md",
      "*.txt",
      "*.yml",
      "*.yaml"
    ],
    "lines": []
  },
  "results": {
    "plugins_used": [
      {
        "name": "AWSKeyDetector"
      },
      {
        "name": "ArtifactoryDetector"
      },
      {
        "name": "AzureStorageKeyDetector"
      },
      {
        "name": "Base64HighEntropyString"
      },
      {
        "name": "BasicAuthDetector"
      },
      {
        "name": "CloudantDetector"
      },
      {
        "name": "DiscordBotTokenDetector"
      },
      {
        "name": "GitHubTokenDetector"
      },
      {
        "name": "HardcodedPassword"
      },
      {
        "name": "HexHighEntropyString"
      },
      {
        "name": "IbmCloudIamDetector"
      },
      {
        "name": "IbmCosHmacDetector"
      },
      {
       Val "name": "JwtTokenDetector"
      },
      {
        "name": "MailchimpDetector"
      },
      {
        "name": "NpmDetector"
      },
      {
        "name": "PrivateKeyDetector"
      },
      {
        "name": "SendGridDetector"
      },
      {
        "name": "SlackDetector"
      },
      {
        "name": "SoftlayerDetector"
      },
      {
        "name": "SquareOAuthDetector"
      },
      {
        "name": "StripeDetector"
      },
      {
        "name": "TwilioKeyDetector"
      }
    ],
    "version": "1.4.0",
    "generated_at": "2025-12-XX"
  },
  "word_list": {},
  "exclude_regex": []
}
